[2026-02-14T12:12:06.053Z] [INFO] 
[2026-02-14T12:12:06.053Z] [INFO] ═══════════════════════════════════════════════════════════
[2026-02-14T12:12:06.053Z] [INFO]        MultiSig Infrastructure Monitoring System          
[2026-02-14T12:12:06.053Z] [INFO] ═══════════════════════════════════════════════════════════
[2026-02-14T12:12:06.053Z] [INFO] 
[2026-02-14T12:12:06.053Z] [INFO] 🚀 Initializing MultiSig Monitor...
[2026-02-14T12:12:06.607Z] [INFO] Performing health check...
[2026-02-14T12:12:07.420Z] [SUCCESS] Health check passed {"owners":3,"transactions":"1","balance":"0.05"}
[2026-02-14T12:12:07.420Z] [SUCCESS] ✅ Monitor initialized successfully
[2026-02-14T12:12:07.421Z] [INFO] 📋 Monitoring contract: {"address":"0xdc8d6F7aF51120af2D6c5de861dfdC187eFE70a2"}
[2026-02-14T12:12:07.421Z] [INFO] 👂 Setting up event listeners...
[2026-02-14T12:12:07.422Z] [SUCCESS] ✅ Event listeners active
[2026-02-14T12:12:07.422Z] [INFO] 💓 Starting health check routine...
[2026-02-14T12:12:07.422Z] [INFO] 📊 Starting metrics export...
[2026-02-14T12:12:07.422Z] [SUCCESS] 
[2026-02-14T12:12:07.422Z] [SUCCESS] 🚀 Monitor is now running...
[2026-02-14T12:12:07.422Z] [SUCCESS]    Press Ctrl+C to stop
[2026-02-14T12:12:07.422Z] [SUCCESS] 
[2026-02-14T12:12:29.492Z] [INFO] Stopping monitor...
[2026-02-14T12:12:29.492Z] [INFO] Metrics exported {"transactions":0,"executions":0,"uptime":"0h 0m 23s"}
[2026-02-14T12:12:29.493Z] [SUCCESS] ✅ Monitor stopped gracefully
