[2026-02-05T08:45:03.113Z] [INFO] 
[2026-02-05T08:45:03.113Z] [INFO] ═══════════════════════════════════════════════════════════
[2026-02-05T08:45:03.113Z] [INFO]        MultiSig Infrastructure Monitoring System          
[2026-02-05T08:45:03.114Z] [INFO] ═══════════════════════════════════════════════════════════
[2026-02-05T08:45:03.114Z] [INFO] 
[2026-02-05T08:45:03.114Z] [INFO] 🚀 Initializing MultiSig Monitor...
[2026-02-05T08:45:05.341Z] [INFO] Performing health check...
[2026-02-05T08:45:08.146Z] [SUCCESS] Health check passed {"owners":3,"transactions":"0","balance":"0.0"}
[2026-02-05T08:45:08.146Z] [SUCCESS] ✅ Monitor initialized successfully
[2026-02-05T08:45:08.147Z] [INFO] 📋 Monitoring contract: {"address":"0xdc8d6F7aF51120af2D6c5de861dfdC187eFE70a2"}
[2026-02-05T08:45:08.147Z] [INFO] 👂 Setting up event listeners...
[2026-02-05T08:45:08.150Z] [SUCCESS] ✅ Event listeners active
[2026-02-05T08:45:08.151Z] [INFO] 💓 Starting health check routine...
[2026-02-05T08:45:08.151Z] [INFO] 📊 Starting metrics export...
[2026-02-05T08:45:08.152Z] [SUCCESS] 
[2026-02-05T08:45:08.152Z] [SUCCESS] 🚀 Monitor is now running...
[2026-02-05T08:45:08.152Z] [SUCCESS]    Press Ctrl+C to stop
[2026-02-05T08:45:08.152Z] [SUCCESS] 
[2026-02-05T08:45:18.152Z] [INFO] Performing health check...
[2026-02-05T08:45:19.346Z] [SUCCESS] Health check passed {"owners":3,"transactions":"0","balance":"0.0"}
[2026-02-05T08:45:28.151Z] [INFO] Performing health check...
[2026-02-05T08:45:34.175Z] [SUCCESS] Health check passed {"owners":3,"transactions":"0","balance":"0.0"}
[2026-02-05T08:45:38.151Z] [INFO] Performing health check...
[2026-02-05T08:45:45.579Z] [SUCCESS] Health check passed {"owners":3,"transactions":"0","balance":"0.0"}
[2026-02-05T08:45:48.151Z] [INFO] Performing health check...
[2026-02-05T08:45:58.192Z] [INFO] Performing health check...
[2026-02-05T08:46:05.512Z] [SUCCESS] Health check passed {"owners":3,"transactions":"0","balance":"0.0"}
[2026-02-05T08:46:08.153Z] [INFO] Metrics exported {"transactions":0,"executions":0,"uptime":"0h 1m 5s"}
[2026-02-05T08:46:08.192Z] [INFO] Performing health check...
[2026-02-05T08:46:18.192Z] [INFO] Performing health check...
[2026-02-05T08:46:28.192Z] [INFO] Performing health check...
[2026-02-05T08:46:29.323Z] [SUCCESS] Health check passed {"owners":3,"transactions":"0","balance":"0.0"}
[2026-02-05T08:48:13.772Z] [INFO] 
[2026-02-05T08:48:13.773Z] [INFO] ═══════════════════════════════════════════════════════════
[2026-02-05T08:48:13.773Z] [INFO]        MultiSig Infrastructure Monitoring System          
[2026-02-05T08:48:13.773Z] [INFO] ═══════════════════════════════════════════════════════════
[2026-02-05T08:48:13.773Z] [INFO] 
[2026-02-05T08:48:13.774Z] [INFO] 🚀 Initializing MultiSig Monitor...
[2026-02-05T08:48:16.016Z] [INFO] Performing health check...
[2026-02-05T08:48:19.351Z] [SUCCESS] Health check passed {"owners":3,"transactions":"0","balance":"0.0"}
[2026-02-05T08:48:19.351Z] [SUCCESS] ✅ Monitor initialized successfully
[2026-02-05T08:48:19.351Z] [INFO] 📋 Monitoring contract: {"address":"0xdc8d6F7aF51120af2D6c5de861dfdC187eFE70a2"}
[2026-02-05T08:48:19.352Z] [INFO] 👂 Setting up event listeners...
[2026-02-05T08:48:19.353Z] [SUCCESS] ✅ Event listeners active
[2026-02-05T08:48:19.354Z] [INFO] 💓 Starting health check routine...
[2026-02-05T08:48:19.354Z] [INFO] 📊 Starting metrics export...
[2026-02-05T08:48:19.355Z] [SUCCESS] 
[2026-02-05T08:48:19.355Z] [SUCCESS] 🚀 Monitor is now running...
[2026-02-05T08:48:19.355Z] [SUCCESS]    Press Ctrl+C to stop
[2026-02-05T08:48:19.356Z] [SUCCESS] 
[2026-02-05T08:48:49.355Z] [INFO] Performing health check...
[2026-02-05T08:48:54.884Z] [SUCCESS] Health check passed {"owners":3,"transactions":"0","balance":"0.0"}
[2026-02-05T08:59:19.069Z] [INFO] 
[2026-02-05T08:59:19.070Z] [INFO] ═══════════════════════════════════════════════════════════
[2026-02-05T08:59:19.070Z] [INFO]        MultiSig Infrastructure Monitoring System          
[2026-02-05T08:59:19.070Z] [INFO] ═══════════════════════════════════════════════════════════
[2026-02-05T08:59:19.070Z] [INFO] 
[2026-02-05T08:59:19.071Z] [INFO] 🚀 Initializing MultiSig Monitor...
[2026-02-05T08:59:21.348Z] [INFO] Performing health check...
[2026-02-05T08:59:24.703Z] [SUCCESS] Health check passed {"owners":3,"transactions":"0","balance":"0.0"}
[2026-02-05T08:59:24.704Z] [SUCCESS] ✅ Monitor initialized successfully
[2026-02-05T08:59:24.704Z] [INFO] 📋 Monitoring contract: {"address":"0xdc8d6F7aF51120af2D6c5de861dfdC187eFE70a2"}
[2026-02-05T08:59:24.705Z] [INFO] 👂 Setting up event listeners...
[2026-02-05T08:59:24.707Z] [SUCCESS] ✅ Event listeners active
[2026-02-05T08:59:24.708Z] [INFO] 💓 Starting health check routine...
[2026-02-05T08:59:24.708Z] [INFO] 📊 Starting metrics export...
[2026-02-05T08:59:24.709Z] [SUCCESS] 
[2026-02-05T08:59:24.709Z] [SUCCESS] 🚀 Monitor is now running...
[2026-02-05T08:59:24.709Z] [SUCCESS]    Press Ctrl+C to stop
[2026-02-05T08:59:24.709Z] [SUCCESS] 
[2026-02-05T09:00:24.708Z] [INFO] Performing health check...
[2026-02-05T09:00:24.711Z] [INFO] Metrics exported {"transactions":0,"executions":0,"uptime":"0h 1m 5s"}
[2026-02-05T09:10:45.100Z] [INFO] 
[2026-02-05T09:10:45.101Z] [INFO] ═══════════════════════════════════════════════════════════
[2026-02-05T09:10:45.101Z] [INFO]        MultiSig Infrastructure Monitoring System          
[2026-02-05T09:10:45.101Z] [INFO] ═══════════════════════════════════════════════════════════
[2026-02-05T09:10:45.101Z] [INFO] 
[2026-02-05T09:10:45.102Z] [INFO] 🚀 Initializing MultiSig Monitor...
[2026-02-05T09:10:47.317Z] [INFO] Performing health check...
[2026-02-05T09:10:50.226Z] [SUCCESS] Health check passed {"owners":3,"transactions":"0","balance":"0.0"}
[2026-02-05T09:10:50.226Z] [SUCCESS] ✅ Monitor initialized successfully
[2026-02-05T09:10:50.227Z] [INFO] 📋 Monitoring contract: {"address":"0xdc8d6F7aF51120af2D6c5de861dfdC187eFE70a2"}
[2026-02-05T09:10:50.227Z] [INFO] 👂 Setting up event listeners...
[2026-02-05T09:10:50.229Z] [SUCCESS] ✅ Event listeners active
[2026-02-05T09:10:50.229Z] [INFO] 💓 Starting health check routine...
[2026-02-05T09:10:50.230Z] [INFO] 📊 Starting metrics export...
[2026-02-05T09:10:50.230Z] [SUCCESS] 
[2026-02-05T09:10:50.230Z] [SUCCESS] 🚀 Monitor is now running...
[2026-02-05T09:10:50.230Z] [SUCCESS]    Press Ctrl+C to stop
[2026-02-05T09:10:50.230Z] [SUCCESS] 
[2026-02-05T09:15:21.269Z] [INFO] 
[2026-02-05T09:15:21.269Z] [INFO] ═══════════════════════════════════════════════════════════
[2026-02-05T09:15:21.269Z] [INFO]        MultiSig Infrastructure Monitoring System          
[2026-02-05T09:15:21.270Z] [INFO] ═══════════════════════════════════════════════════════════
[2026-02-05T09:15:21.270Z] [INFO] 
[2026-02-05T09:15:21.270Z] [INFO] 🚀 Initializing MultiSig Monitor...
[2026-02-05T09:16:03.876Z] [ERROR] Failed to initialize monitor {"error":"Headers Timeout Error"}
[2026-02-05T09:16:03.876Z] [ERROR] Failed to start monitor
[2026-02-05T09:30:25.150Z] [INFO] 
[2026-02-05T09:30:25.151Z] [INFO] ═══════════════════════════════════════════════════════════
[2026-02-05T09:30:25.151Z] [INFO]        MultiSig Infrastructure Monitoring System          
[2026-02-05T09:30:25.151Z] [INFO] ═══════════════════════════════════════════════════════════
[2026-02-05T09:30:25.151Z] [INFO] 
[2026-02-05T09:30:25.151Z] [INFO] 🚀 Initializing MultiSig Monitor...
[2026-02-05T09:30:26.353Z] [INFO] Performing health check...
[2026-02-05T09:30:28.266Z] [SUCCESS] Health check passed {"owners":3,"transactions":"0","balance":"0.05"}
[2026-02-05T09:30:28.267Z] [SUCCESS] ✅ Monitor initialized successfully
[2026-02-05T09:30:28.267Z] [INFO] 📋 Monitoring contract: {"address":"0xdc8d6F7aF51120af2D6c5de861dfdC187eFE70a2"}
[2026-02-05T09:30:28.268Z] [INFO] 👂 Setting up event listeners...
[2026-02-05T09:30:28.269Z] [SUCCESS] ✅ Event listeners active
[2026-02-05T09:30:28.270Z] [INFO] 💓 Starting health check routine...
[2026-02-05T09:30:28.270Z] [INFO] 📊 Starting metrics export...
[2026-02-05T09:30:28.270Z] [SUCCESS] 
[2026-02-05T09:30:28.271Z] [SUCCESS] 🚀 Monitor is now running...
[2026-02-05T09:30:28.271Z] [SUCCESS]    Press Ctrl+C to stop
[2026-02-05T09:30:28.271Z] [SUCCESS] 
[2026-02-05T09:35:28.271Z] [INFO] Performing health check...
[2026-02-05T09:35:28.274Z] [INFO] Metrics exported {"transactions":0,"executions":0,"uptime":"0h 5m 3s"}
[2026-02-05T09:35:29.145Z] [SUCCESS] Health check passed {"owners":3,"transactions":"0","balance":"0.05"}
[2026-02-05T09:37:02.351Z] [WARN] 📝 Transaction submitted {"owner":"0xDA046647092Ea6eB0FA11C7D1A2bD7D4E9b10034","txIndex":"0","to":"0x7dF1B8399538EBdA11784fd04455967e979Fa1f3","value":"0.01","txHash":"0x5f396496ac387d8931785c8163a9aeb6dbed64e24e6f649d842a2b9063ec4cfd"}
[2026-02-05T09:37:02.351Z] [INFO] Metric recorded: SubmitTransaction {"count":1}
[2026-02-05T09:40:28.271Z] [INFO] Performing health check...
[2026-02-05T09:40:28.275Z] [INFO] Metrics exported {"transactions":1,"executions":0,"uptime":"0h 10m 3s"}
[2026-02-05T09:40:29.038Z] [SUCCESS] Health check passed {"owners":3,"transactions":"1","balance":"0.05"}
[2026-02-05T09:43:36.563Z] [INFO] Stopping monitor...
[2026-02-05T09:43:36.566Z] [INFO] Metrics exported {"transactions":1,"executions":0,"uptime":"0h 13m 11s"}
[2026-02-05T09:43:36.566Z] [SUCCESS] ✅ Monitor stopped gracefully
